[36mvite v7.3.1 [32mbuilding client environment for production...[36m[39m
transforming...
[32mÔ£ô[39m 441 modules transformed.
node.exe : [31mÔ£ù[39m Build 
failed in 1.39s
At line:1 char:1
+ & "C:\Program 
Files\nodejs/node.exe" 
"C:\Program Files\nodejs/node_mo 
...
+ ~~~~~~~~~~~~~~~~~~~~~~~~~~~~~~~~
~~~~~~~~~~~~~~~~~~~~~~~~~~~~~~~~~~
~~~
    + CategoryInfo          : Not 
   Specified: ([31mÔ£ù[39m Bui  
  ld failed in 1.39s:String) []   
 , RemoteException
    + FullyQualifiedErrorId : Nat 
   iveCommandError
 
[31merror during build:
[31msrc/pages/SettingsPage.jsx 
(5:9): "ThemeContext" is not 
exported by 
"src/context/ThemeContext.jsx", 
imported by 
"src/pages/SettingsPage.jsx".[31m
file: [36mC:/Users/lenovo/OneDriv
e/Desktop/Risk Pridictions/fronten
d/src/pages/SettingsPage.jsx:5:9[
31m
[33m
3: import Sidebar from 
'../components/common/Sidebar';
4: import { AuthContext } from 
'../context/AuthContext';
5: import { ThemeContext } from 
'../context/ThemeContext';
            ^
6: import { HiOutlineCog, 
HiOutlineUser, HiOutlineBell, 
HiOutlineShieldCheck, 
HiOutlineLink, HiOutlineMoon, 
HiOutlineSun...
7: import './SettingsPage.css';
[31m
    at getRollupError (file:///C:/
Users/lenovo/OneDrive/Desktop/Risk
%20Pridictions/frontend/node_modul
es/rollup/dist/es/shared/parseAst.
js:402:41)
    at error (file:///C:/Users/len
ovo/OneDrive/Desktop/Risk%20Pridic
tions/frontend/node_modules/rollup
/dist/es/shared/parseAst.js:398:42
)
    at Module.error (file:///C:/Us
ers/lenovo/OneDrive/Desktop/Risk%2
0Pridictions/frontend/node_modules
/rollup/dist/es/shared/node-entry.
js:17040:16)
    at Module.traceVariable (file:
///C:/Users/lenovo/OneDrive/Deskto
p/Risk%20Pridictions/frontend/node
_modules/rollup/dist/es/shared/nod
e-entry.js:17452:29)
    at ModuleScope.findVariable (f
ile:///C:/Users/lenovo/OneDrive/De
sktop/Risk%20Pridictions/frontend/
node_modules/rollup/dist/es/shared
/node-entry.js:15070:39)
    at 
ReturnValueScope.findVariable (fil
e:///C:/Users/lenovo/OneDrive/Desk
top/Risk%20Pridictions/frontend/no
de_modules/rollup/dist/es/shared/n
ode-entry.js:5673:38)
    at 
FunctionBodyScope.findVariable (fi
le:///C:/Users/lenovo/OneDrive/Des
ktop/Risk%20Pridictions/frontend/n
ode_modules/rollup/dist/es/shared/
node-entry.js:5673:38)
    at Identifier.bind (file:///C:
/Users/lenovo/OneDrive/Desktop/Ris
k%20Pridictions/frontend/node_modu
les/rollup/dist/es/shared/node-ent
ry.js:5447:40)
    at CallExpression.bind (file:/
//C:/Users/lenovo/OneDrive/Desktop
/Risk%20Pridictions/frontend/node_
modules/rollup/dist/es/shared/node
-entry.js:2825:28)
    at CallExpression.bind (file:/
//C:/Users/lenovo/OneDrive/Desktop
/Risk%20Pridictions/frontend/node_
modules/rollup/dist/es/shared/node
-entry.js:12179:15)[39m
